<?xml version="1.0" encoding="UTF-8"?>
<TestRun id="5777d166-7c21-4aaa-be76-33567253db36" name="Administrator@WIN-NFBOE84P7LC 2011-07-28 23:27:07" runUser="WIN-NFBOE84P7LC\Administrator" xmlns="http://microsoft.com/schemas/VisualStudio/TeamTest/2006">
  <TestRunConfiguration name="本地测试运行" id="e856d662-8308-44f5-862d-d65b7c49121a">
    <Description>这是本地测试运行的默认测试运行配置。</Description>
    <Deployment runDeploymentRoot="F:\MyProgram\SVN\DataVerify\TestResults\Administrator_WIN-NFBOE84P7LC 2011-07-28 23_27_07">
      <DeploymentItem filename="F:\MyProgram\SVN\DataVerify\bin\Debug\DataVerify.dll" />
    </Deployment>
    <TestTypeSpecific />
  </TestRunConfiguration>
  <ResultSummary outcome="Failed">
    <Counters total="1" executed="1" error="0" failed="1" timeout="0" aborted="0" inconclusive="0" passedButRunAborted="0" notRunnable="0" notExecuted="0" disconnected="0" warning="0" passed="0" completed="0" inProgress="0" pending="0" />
  </ResultSummary>
  <Times creation="2011-07-28T23:27:07.0862285+08:00" queuing="2011-07-28T23:27:09.0662312+08:00" start="2011-07-28T23:27:09.4162317+08:00" finish="2011-07-28T23:27:10.7862336+08:00" />
  <TestDefinitions>
    <UnitTest name="IsMatchTest" storage="f:\myprogram\svn\dataverify\dataverifytest\bin\debug\dataverifytest.dll" id="b71240fe-1889-3b66-8045-23cd09cf4879">
      <Css projectStructure="" iteration="" />
      <Owners>
        <Owner name="" />
      </Owners>
      <Execution id="acc27d34-74b3-4370-b2eb-44e3c33ed664" />
      <TestMethod codeBase="F:\MyProgram\SVN\DataVerify\DataVerifyTest\bin\Debug\DataVerifyTest.dll" adapterTypeName="Microsoft.VisualStudio.TestTools.TestTypes.Unit.UnitTestAdapter, Microsoft.VisualStudio.QualityTools.Tips.UnitTest.Adapter, Version=9.0.0.0, Culture=neutral, PublicKeyToken=b03f5f7f11d50a3a" className="DataVerifyTest.StringExTest, DataVerifyTest" name="IsMatchTest" />
    </UnitTest>
  </TestDefinitions>
  <TestLists>
    <TestList name="列表中未列出的结果" id="8c84fa94-04c1-424b-9868-57a2d4851a1d" />
    <TestList name="所有已加载的结果" id="19431567-8539-422a-85d7-44ee4e166bda" />
  </TestLists>
  <TestEntries>
    <TestEntry testId="b71240fe-1889-3b66-8045-23cd09cf4879" executionId="acc27d34-74b3-4370-b2eb-44e3c33ed664" testListId="8c84fa94-04c1-424b-9868-57a2d4851a1d" />
  </TestEntries>
  <Results>
    <UnitTestResult executionId="acc27d34-74b3-4370-b2eb-44e3c33ed664" testId="b71240fe-1889-3b66-8045-23cd09cf4879" testName="IsMatchTest" computerName="WIN-NFBOE84P7LC" duration="00:00:00.2700593" startTime="2011-07-28T23:27:09.5762320+08:00" endTime="2011-07-28T23:27:10.7062335+08:00" testType="13cdc9d9-ddb5-4fa4-a97d-d965ccfc6d4b" outcome="Failed" testListId="8c84fa94-04c1-424b-9868-57a2d4851a1d">
      <Output>
        <ErrorInfo>
          <Message>Assert.AreEqual 失败。应为: &lt;False&gt;，实际为: &lt;True&gt;。</Message>
          <StackTrace>   在 DataVerifyTest.StringExTest.IsMatchTest() 位置 F:\MyProgram\SVN\DataVerify\DataVerifyTest\StringExTest.cs:行号 76
</StackTrace>
        </ErrorInfo>
      </Output>
    </UnitTestResult>
  </Results>
</TestRun>